// Jest Snapshot v1, https://goo.gl/fbAQLP

exports[`PrimeraApp component test should show <CounterApp /> correctly 1`] = `
<Fragment>
  <h1>
    CounterApp
  </h1>
  <h2>
    10
  </h2>
  <button
    onClick={[Function]}
  >
    +1
  </button>
  <button
    onClick={[Function]}
  >
    Reset
  </button>
  <button
    onClick={[Function]}
  >
    -1
  </button>
</Fragment>
`;

exports[`PrimeraApp component test should show <PrimeraApp /> correctly 1`] = `
<Fragment>
  <h2>
    Hola, soy Goku
  </h2>
  <p>
    Soy un subtitulo
  </p>
</Fragment>
`;
