// Jest Snapshot v1, https://goo.gl/fbAQLP

exports[`Testing GifExpertApp component should load <GifGridItem /> correctly 1`] = `
<div
  className="card animate__animated animate__fadeIn"
>
  <img
    alt="test title"
    src="https://localhost/test"
  />
  <p>
    test title
  </p>
</div>
`;
